// Vitest Snapshot v1, https://vitest.dev/guide/snapshot.html

exports[`objectListToValuesList > define-type 1`] = `
"(1::INT,3),
(2,4)"
`;
