// Vitest Snapshot v1, https://vitest.dev/guide/snapshot.html

exports[`array > 基本转换 1`] = `"ARRAY[2,3,DEFAULT,NULL,NULL]"`;

exports[`array > 空数组 1`] = `"NULL"`;

exports[`date 1`] = `"'2022-01-13T00:00:00.000Z'"`;
